// Jest Snapshot v1, https://goo.gl/fbAQLP

exports[`MDXComponent/Table should match snapshot 1`] = `
<table
  class="c-eJrWME"
>
  <thead>
    <tr>
      <th>
        Column 1
      </th>
    </tr>
  </thead>
  <tbody>
    <tr>
      <td>
        Data 1
      </td>
    </tr>
  </tbody>
</table>
`;
